[INFO] Scanning for projects...
[INFO] 
[INFO] ----------------------< vn.edu.crs:auth-service >-----------------------
[INFO] Building auth-service 0.0.1-SNAPSHOT
[INFO]   from pom.xml
[INFO] --------------------------------[ jar ]---------------------------------
[INFO] 
[INFO] >>> spring-boot:4.1.0:run (default-cli) > test-compile @ auth-service >>>
[INFO] 
[INFO] --- resources:3.5.0:resources (default-resources) @ auth-service ---
[INFO] Copying 1 resource from src\main\resources to target\classes
[INFO] Copying 0 resource from src\main\resources to target\classes
[INFO] 
[INFO] --- compiler:3.15.0:compile (default-compile) @ auth-service ---
[INFO] Recompiling the module because of changed source code.
[INFO] Compiling 21 source files with javac [debug parameters release 21] to target\classes
[INFO] -------------------------------------------------------------
[ERROR] COMPILATION ERROR : 
[INFO] -------------------------------------------------------------
[ERROR] /C:/PMHDV/auth-service/src/main/java/vn/edu/crs/authservice/controller/ApiKeyController.java:[29,45] ')' or ',' expected
[ERROR] /C:/PMHDV/auth-service/src/main/java/vn/edu/crs/authservice/controller/ApiKeyController.java:[30,6] ';' expected
[ERROR] /C:/PMHDV/auth-service/src/main/java/vn/edu/crs/authservice/controller/ApiKeyController.java:[32,30] ';' expected
[ERROR] /C:/PMHDV/auth-service/src/main/java/vn/edu/crs/authservice/service/ApiKeyService.java:[41,47] unclosed string literal
[ERROR] /C:/PMHDV/auth-service/src/main/java/vn/edu/crs/authservice/service/ApiKeyService.java:[42,1] unclosed string literal
[INFO] 5 errors 
[INFO] -------------------------------------------------------------
[INFO] ------------------------------------------------------------------------
[INFO] BUILD FAILURE
[INFO] ------------------------------------------------------------------------
[INFO] Total time:  5.850 s
[INFO] Finished at: 2026-09-03T13:04:42+07:00
[INFO] ------------------------------------------------------------------------
[ERROR] Failed to execute goal org.apache.maven.plugins:maven-compiler-plugin:3.15.0:compile (default-compile) on project auth-service: Compilation failure: Compilation failure: 
[ERROR] /C:/PMHDV/auth-service/src/main/java/vn/edu/crs/authservice/controller/ApiKeyController.java:[29,45] ')' or ',' expected
[ERROR] /C:/PMHDV/auth-service/src/main/java/vn/edu/crs/authservice/controller/ApiKeyController.java:[30,6] ';' expected
[ERROR] /C:/PMHDV/auth-service/src/main/java/vn/edu/crs/authservice/controller/ApiKeyController.java:[32,30] ';' expected
[ERROR] /C:/PMHDV/auth-service/src/main/java/vn/edu/crs/authservice/service/ApiKeyService.java:[41,47] unclosed string literal
[ERROR] /C:/PMHDV/auth-service/src/main/java/vn/edu/crs/authservice/service/ApiKeyService.java:[42,1] unclosed string literal
[ERROR] -> [Help 1]
[ERROR] 
[ERROR] To see the full stack trace of the errors, re-run Maven with the -e switch.
[ERROR] Re-run Maven using the -X switch to enable full debug logging.
[ERROR] 
[ERROR] For more information about the errors and possible solutions, please read the following articles:
[ERROR] [Help 1] http://cwiki.apache.org/confluence/display/MAVEN/MojoFailureException
