[INFO] Scanning for projects...
[INFO] 
[INFO] ---------------------< vn.edu.crs:course-service >----------------------
[INFO] Building course-service 0.0.1-SNAPSHOT
[INFO]   from pom.xml
[INFO] --------------------------------[ jar ]---------------------------------
[INFO] 
[INFO] >>> spring-boot:4.1.0:run (default-cli) > test-compile @ course-service >>>
[INFO] 
[INFO] --- resources:3.5.0:resources (default-resources) @ course-service ---
[INFO] Copying 1 resource from src\main\resources to target\classes
[INFO] Copying 0 resource from src\main\resources to target\classes
[INFO] 
[INFO] --- compiler:3.15.0:compile (default-compile) @ course-service ---
[INFO] Nothing to compile - all classes are up to date.
[INFO] 
[INFO] --- resources:3.5.0:testResources (default-testResources) @ course-service ---
[INFO] skip non existing resourceDirectory C:\PMHDV\course-services\src\test\resources
[INFO] 
[INFO] --- compiler:3.15.0:testCompile (default-testCompile) @ course-service ---
[INFO] Nothing to compile - all classes are up to date.
[INFO] 
[INFO] <<< spring-boot:4.1.0:run (default-cli) < test-compile @ course-service <<<
[INFO] 
[INFO] 
[INFO] --- spring-boot:4.1.0:run (default-cli) @ course-service ---
[INFO] Attaching agents: []

  .   ____          _            __ _ _
 /\\ / ___'_ __ _ _(_)_ __  __ _ \ \ \ \
( ( )\___ | '_ | '_| | '_ \/ _` | \ \ \ \
 \\/  ___)| |_)| | | | | || (_| |  ) ) ) )
  '  |____| .__|_| |_|_| |_\__, | / / / /
 =========|_|==============|___/=/_/_/_/

 :: Spring Boot ::                (v4.1.0)

2026-08-31T23:56:53.113+07:00  INFO 20276 --- [           main] v.e.c.c.CourseServiceApplication         : Starting CourseServiceApplication using Java 25.0.2 with PID 20276 (C:\PMHDV\course-services\target\classes started by ADMIN in C:\PMHDV\course-services)
2026-08-31T23:56:53.121+07:00  INFO 20276 --- [           main] v.e.c.c.CourseServiceApplication         : No active profile set, falling back to 1 default profile: "default"
2026-08-31T23:56:56.559+07:00  INFO 20276 --- [           main] .s.d.r.c.RepositoryConfigurationDelegate : Bootstrapping Spring Data JPA repositories in DEFAULT mode.
2026-08-31T23:56:56.851+07:00  INFO 20276 --- [           main] .s.d.r.c.RepositoryConfigurationDelegate : Finished Spring Data repository scanning in 272 ms. Found 1 JPA repository interface.
2026-08-31T23:56:59.099+07:00  INFO 20276 --- [           main] o.s.boot.tomcat.TomcatWebServer          : Tomcat initialized with port 8082 (http)
2026-08-31T23:56:59.141+07:00  INFO 20276 --- [           main] o.apache.catalina.core.StandardService   : Starting service [Tomcat]
2026-08-31T23:56:59.141+07:00  INFO 20276 --- [           main] o.apache.catalina.core.StandardEngine    : Starting Servlet engine: [Apache Tomcat/11.0.22]
2026-08-31T23:56:59.323+07:00  INFO 20276 --- [           main] b.w.c.s.WebApplicationContextInitializer : Root WebApplicationContext: initialization completed in 6009 ms
2026-08-31T23:57:06.786+07:00  INFO 20276 --- [           main] org.hibernate.orm.jpa                    : HHH008540: Processing PersistenceUnitInfo [name: default]
2026-08-31T23:57:07.020+07:00  INFO 20276 --- [           main] org.hibernate.orm.core                   : HHH000001: Hibernate ORM core version 7.4.1.Final
2026-08-31T23:57:09.056+07:00  INFO 20276 --- [           main] o.s.o.j.p.SpringPersistenceUnitInfo      : No LoadTimeWeaver setup: ignoring JPA class transformer
2026-08-31T23:57:09.340+07:00  INFO 20276 --- [           main] com.zaxxer.hikari.HikariDataSource       : HikariPool-1 - Starting...
2026-08-31T23:57:09.976+07:00  INFO 20276 --- [           main] com.zaxxer.hikari.pool.HikariPool        : HikariPool-1 - Added connection com.mysql.cj.jdbc.ConnectionImpl@40863800
2026-08-31T23:57:09.979+07:00  INFO 20276 --- [           main] com.zaxxer.hikari.HikariDataSource       : HikariPool-1 - Start completed.
2026-08-31T23:57:10.200+07:00  WARN 20276 --- [           main] org.hibernate.orm.core                   : HHH000511: The 5.5.5 version for [org.hibernate.dialect.MySQLDialect] is no longer supported, hence certain features may not work properly.The minimum supported version is 8.0.0. Check the community dialects project for available legacy versions.
2026-08-31T23:57:10.287+07:00  INFO 20276 --- [           main] org.hibernate.orm.connections.pooling    : HHH10001005: Database info:
	Database JDBC URL [jdbc:mysql://localhost:3306/course_db?useSSL=false&serverTimezone=Asia/Ho_Chi_Minh]
	Database driver: MySQL Connector/J
	Database dialect: MySQLDialect
	Database version: 5.5.5
	Default catalog/schema: course_db/undefined
	Autocommit mode: undefined/unknown
	Isolation level: REPEATABLE_READ [default REPEATABLE_READ]
	JDBC fetch size: none
	Pool: DataSourceConnectionProvider
	Minimum pool size: undefined/unknown
	Maximum pool size: undefined/unknown
2026-08-31T23:57:15.626+07:00  INFO 20276 --- [           main] org.hibernate.orm.core                   : HHH000489: No JTA platform available (set 'hibernate.transaction.jta.platform' to enable JTA platform integration)
2026-08-31T23:57:15.856+07:00  INFO 20276 --- [           main] j.LocalContainerEntityManagerFactoryBean : Initialized JPA EntityManagerFactory for persistence unit 'default'
2026-08-31T23:57:16.078+07:00  INFO 20276 --- [           main] o.s.d.j.r.query.QueryEnhancerFactories   : Hibernate is in classpath; If applicable, HQL parser will be used.
2026-08-31T23:57:16.784+07:00  WARN 20276 --- [           main] JpaBaseConfiguration$JpaWebConfiguration : spring.jpa.open-in-view is enabled by default. Therefore, database queries may be performed during view rendering. Explicitly configure spring.jpa.open-in-view to disable this warning
2026-08-31T23:57:17.131+07:00  WARN 20276 --- [           main] .s.a.UserDetailsServiceAutoConfiguration : 

Using generated security password: 3ddf3632-7682-4b76-997c-0f3bc9a2b31e

This generated password is for development use only. Your security configuration must be updated before running your application in production.

2026-08-31T23:57:17.144+07:00  INFO 20276 --- [           main] r$InitializeUserDetailsManagerConfigurer : Global AuthenticationManager configured with UserDetailsService bean with name inMemoryUserDetailsManager
2026-08-31T23:57:20.252+07:00  INFO 20276 --- [           main] o.s.boot.tomcat.TomcatWebServer          : Tomcat started on port 8082 (http) with context path '/'
2026-08-31T23:57:20.459+07:00  INFO 20276 --- [           main] v.e.c.c.CourseServiceApplication         : Started CourseServiceApplication in 28.953 seconds (process running for 32.011)
2026-08-31T23:57:24.693+07:00  INFO 20276 --- [nio-8082-exec-1] o.a.c.c.C.[Tomcat].[localhost].[/]       : Initializing Spring DispatcherServlet 'dispatcherServlet'
2026-08-31T23:57:24.693+07:00  INFO 20276 --- [nio-8082-exec-1] o.s.web.servlet.DispatcherServlet        : Initializing Servlet 'dispatcherServlet'
2026-08-31T23:57:24.697+07:00  INFO 20276 --- [nio-8082-exec-1] o.s.web.servlet.DispatcherServlet        : Completed initialization in 4 ms
Hibernate: select c1_0.id,c1_0.so_cho_con_lai,c1_0.so_cho_toi_da,c1_0.so_tin_chi,c1_0.ten_mon_hoc from course c1_0 limit ?,?
2026-08-31T23:57:26.020+07:00  WARN 20276 --- [nio-8082-exec-1] ration$PageModule$WarningLoggingModifier : Serializing PageImpl instances as-is is not supported, meaning that there is no guarantee about the stability of the resulting JSON structure!
	For a stable JSON structure, please use Spring Data's PagedModel (globally via @EnableSpringDataWebSupport(pageSerializationMode = VIA_DTO))
	or Spring HATEOAS and Spring Data's PagedResourcesAssembler as documented in https://docs.spring.io/spring-data/commons/reference/repositories/core-extensions.html#core.web.pageables.

Hibernate: select c1_0.id,c1_0.so_cho_con_lai,c1_0.so_cho_toi_da,c1_0.so_tin_chi,c1_0.ten_mon_hoc from course c1_0 limit ?,?
Hibernate: select c1_0.id,c1_0.so_cho_con_lai,c1_0.so_cho_toi_da,c1_0.so_tin_chi,c1_0.ten_mon_hoc from course c1_0 limit ?,?
Hibernate: select c1_0.id,c1_0.so_cho_con_lai,c1_0.so_cho_toi_da,c1_0.so_tin_chi,c1_0.ten_mon_hoc from course c1_0 limit ?,?
Hibernate: select c1_0.id,c1_0.so_cho_con_lai,c1_0.so_cho_toi_da,c1_0.so_tin_chi,c1_0.ten_mon_hoc from course c1_0 where c1_0.id=?
Hibernate: select c1_0.id,c1_0.so_cho_con_lai,c1_0.so_cho_toi_da,c1_0.so_tin_chi,c1_0.ten_mon_hoc from course c1_0 where c1_0.id=?
Hibernate: select c1_0.id,c1_0.so_cho_con_lai,c1_0.so_cho_toi_da,c1_0.so_tin_chi,c1_0.ten_mon_hoc from course c1_0 where c1_0.id=?
Hibernate: select c1_0.id,c1_0.so_cho_con_lai,c1_0.so_cho_toi_da,c1_0.so_tin_chi,c1_0.ten_mon_hoc from course c1_0 where c1_0.id=?
Hibernate: select c1_0.id,c1_0.so_cho_con_lai,c1_0.so_cho_toi_da,c1_0.so_tin_chi,c1_0.ten_mon_hoc from course c1_0 where c1_0.id=?
Hibernate: update course set so_cho_con_lai=?,so_cho_toi_da=?,so_tin_chi=?,ten_mon_hoc=? where id=?
Hibernate: select c1_0.id,c1_0.so_cho_con_lai,c1_0.so_cho_toi_da,c1_0.so_tin_chi,c1_0.ten_mon_hoc from course c1_0 where c1_0.id=?
Hibernate: select c1_0.id,c1_0.so_cho_con_lai,c1_0.so_cho_toi_da,c1_0.so_tin_chi,c1_0.ten_mon_hoc from course c1_0 where c1_0.id=?
Hibernate: update course set so_cho_con_lai=?,so_cho_toi_da=?,so_tin_chi=?,ten_mon_hoc=? where id=?
Hibernate: select c1_0.id,c1_0.so_cho_con_lai,c1_0.so_cho_toi_da,c1_0.so_tin_chi,c1_0.ten_mon_hoc from course c1_0 limit ?,?
Hibernate: select c1_0.id,c1_0.so_cho_con_lai,c1_0.so_cho_toi_da,c1_0.so_tin_chi,c1_0.ten_mon_hoc from course c1_0 limit ?,?
Hibernate: select c1_0.id,c1_0.so_cho_con_lai,c1_0.so_cho_toi_da,c1_0.so_tin_chi,c1_0.ten_mon_hoc from course c1_0 where upper(c1_0.ten_mon_hoc) like upper(?) escape '\\' limit ?
Hibernate: select c1_0.id,c1_0.so_cho_con_lai,c1_0.so_cho_toi_da,c1_0.so_tin_chi,c1_0.ten_mon_hoc from course c1_0 where upper(c1_0.ten_mon_hoc) like upper(?) escape '\\' limit ?
Hibernate: select c1_0.id,c1_0.so_cho_con_lai,c1_0.so_cho_toi_da,c1_0.so_tin_chi,c1_0.ten_mon_hoc from course c1_0 limit ?,?
Hibernate: select c1_0.id,c1_0.so_cho_con_lai,c1_0.so_cho_toi_da,c1_0.so_tin_chi,c1_0.ten_mon_hoc from course c1_0 limit ?,?
Hibernate: select c1_0.id,c1_0.so_cho_con_lai,c1_0.so_cho_toi_da,c1_0.so_tin_chi,c1_0.ten_mon_hoc from course c1_0 limit ?,?
Hibernate: select c1_0.id,c1_0.so_cho_con_lai,c1_0.so_cho_toi_da,c1_0.so_tin_chi,c1_0.ten_mon_hoc from course c1_0 limit ?,?
Hibernate: select c1_0.id,c1_0.so_cho_con_lai,c1_0.so_cho_toi_da,c1_0.so_tin_chi,c1_0.ten_mon_hoc from course c1_0 limit ?,?
Hibernate: select c1_0.id,c1_0.so_cho_con_lai,c1_0.so_cho_toi_da,c1_0.so_tin_chi,c1_0.ten_mon_hoc from course c1_0 limit ?,?
Hibernate: select c1_0.id,c1_0.so_cho_con_lai,c1_0.so_cho_toi_da,c1_0.so_tin_chi,c1_0.ten_mon_hoc from course c1_0 limit ?,?
Hibernate: select c1_0.id,c1_0.so_cho_con_lai,c1_0.so_cho_toi_da,c1_0.so_tin_chi,c1_0.ten_mon_hoc from course c1_0 limit ?,?
Hibernate: select c1_0.id from course c1_0 where upper(c1_0.ten_mon_hoc)=upper(?) limit ?
Hibernate: insert into course (so_cho_con_lai,so_cho_toi_da,so_tin_chi,ten_mon_hoc) values (?,?,?,?)
Hibernate: select c1_0.id,c1_0.so_cho_con_lai,c1_0.so_cho_toi_da,c1_0.so_tin_chi,c1_0.ten_mon_hoc from course c1_0 limit ?,?
Hibernate: select c1_0.id,c1_0.so_cho_con_lai,c1_0.so_cho_toi_da,c1_0.so_tin_chi,c1_0.ten_mon_hoc from course c1_0 limit ?,?
Hibernate: select c1_0.id,c1_0.so_cho_con_lai,c1_0.so_cho_toi_da,c1_0.so_tin_chi,c1_0.ten_mon_hoc from course c1_0 limit ?,?
Hibernate: select c1_0.id,c1_0.so_cho_con_lai,c1_0.so_cho_toi_da,c1_0.so_tin_chi,c1_0.ten_mon_hoc from course c1_0 limit ?,?
Hibernate: select c1_0.id,c1_0.so_cho_con_lai,c1_0.so_cho_toi_da,c1_0.so_tin_chi,c1_0.ten_mon_hoc from course c1_0 limit ?,?
Hibernate: select c1_0.id,c1_0.so_cho_con_lai,c1_0.so_cho_toi_da,c1_0.so_tin_chi,c1_0.ten_mon_hoc from course c1_0 where c1_0.id=?
Hibernate: update course set so_cho_con_lai=?,so_cho_toi_da=?,so_tin_chi=?,ten_mon_hoc=? where id=?
Hibernate: select c1_0.id,c1_0.so_cho_con_lai,c1_0.so_cho_toi_da,c1_0.so_tin_chi,c1_0.ten_mon_hoc from course c1_0 limit ?,?
Hibernate: select c1_0.id,c1_0.so_cho_con_lai,c1_0.so_cho_toi_da,c1_0.so_tin_chi,c1_0.ten_mon_hoc from course c1_0 where c1_0.id=?
Hibernate: select c1_0.id,c1_0.so_cho_con_lai,c1_0.so_cho_toi_da,c1_0.so_tin_chi,c1_0.ten_mon_hoc from course c1_0 where c1_0.id=?
Hibernate: select c1_0.id,c1_0.so_cho_con_lai,c1_0.so_cho_toi_da,c1_0.so_tin_chi,c1_0.ten_mon_hoc from course c1_0 where c1_0.id=?
Hibernate: update course set so_cho_con_lai=?,so_cho_toi_da=?,so_tin_chi=?,ten_mon_hoc=? where id=?
Hibernate: select c1_0.id,c1_0.so_cho_con_lai,c1_0.so_cho_toi_da,c1_0.so_tin_chi,c1_0.ten_mon_hoc from course c1_0 limit ?,?
Hibernate: select c1_0.id,c1_0.so_cho_con_lai,c1_0.so_cho_toi_da,c1_0.so_tin_chi,c1_0.ten_mon_hoc from course c1_0 limit ?,?
^C