[INFO] Scanning for projects...
[INFO] 
[INFO] ------------------< vn.edu.crs:registration-service >-------------------
[INFO] Building demoregistration-service 0.0.1-SNAPSHOT
[INFO]   from pom.xml
[INFO] --------------------------------[ jar ]---------------------------------
[INFO] 
[INFO] >>> spring-boot:4.1.0:run (default-cli) > test-compile @ registration-service >>>
[INFO] 
[INFO] --- resources:3.5.0:resources (default-resources) @ registration-service ---
[INFO] Copying 1 resource from src\main\resources to target\classes
[INFO] Copying 0 resource from src\main\resources to target\classes
[INFO] 
[INFO] --- compiler:3.15.0:compile (default-compile) @ registration-service ---
[INFO] Nothing to compile - all classes are up to date.
[INFO] 
[INFO] --- resources:3.5.0:testResources (default-testResources) @ registration-service ---
[INFO] skip non existing resourceDirectory C:\PMHDV\registration-service\src\test\resources
[INFO] 
[INFO] --- compiler:3.15.0:testCompile (default-testCompile) @ registration-service ---
[INFO] Nothing to compile - all classes are up to date.
[INFO] 
[INFO] <<< spring-boot:4.1.0:run (default-cli) < test-compile @ registration-service <<<
[INFO] 
[INFO] 
[INFO] --- spring-boot:4.1.0:run (default-cli) @ registration-service ---
[INFO] Attaching agents: []

  .   ____          _            __ _ _
 /\\ / ___'_ __ _ _(_)_ __  __ _ \ \ \ \
( ( )\___ | '_ | '_| | '_ \/ _` | \ \ \ \
 \\/  ___)| |_)| | | | | || (_| |  ) ) ) )
  '  |____| .__|_| |_|_| |_\__, | / / / /
 =========|_|==============|___/=/_/_/_/

 :: Spring Boot ::                (v4.1.0)

2026-08-31T23:57:12.416+07:00  INFO 24668 --- [registration-service] [           main] e.c.r.DemoregistrationServiceApplication : Starting DemoregistrationServiceApplication using Java 25.0.2 with PID 24668 (C:\PMHDV\registration-service\target\classes started by ADMIN in C:\PMHDV\registration-service)
2026-08-31T23:57:12.421+07:00  INFO 24668 --- [registration-service] [           main] e.c.r.DemoregistrationServiceApplication : No active profile set, falling back to 1 default profile: "default"
2026-08-31T23:57:16.020+07:00  INFO 24668 --- [registration-service] [           main] .s.d.r.c.RepositoryConfigurationDelegate : Bootstrapping Spring Data JPA repositories in DEFAULT mode.
2026-08-31T23:57:16.216+07:00  INFO 24668 --- [registration-service] [           main] .s.d.r.c.RepositoryConfigurationDelegate : Finished Spring Data repository scanning in 173 ms. Found 1 JPA repository interface.
2026-08-31T23:57:19.199+07:00  INFO 24668 --- [registration-service] [           main] o.s.boot.tomcat.TomcatWebServer          : Tomcat initialized with port 8083 (http)
2026-08-31T23:57:19.271+07:00  INFO 24668 --- [registration-service] [           main] o.apache.catalina.core.StandardService   : Starting service [Tomcat]
2026-08-31T23:57:19.272+07:00  INFO 24668 --- [registration-service] [           main] o.apache.catalina.core.StandardEngine    : Starting Servlet engine: [Apache Tomcat/11.0.22]
2026-08-31T23:57:19.735+07:00  INFO 24668 --- [registration-service] [           main] b.w.c.s.WebApplicationContextInitializer : Root WebApplicationContext: initialization completed in 7047 ms
2026-08-31T23:57:21.305+07:00  INFO 24668 --- [registration-service] [           main] org.hibernate.orm.jpa                    : HHH008540: Processing PersistenceUnitInfo [name: default]
2026-08-31T23:57:21.487+07:00  INFO 24668 --- [registration-service] [           main] org.hibernate.orm.core                   : HHH000001: Hibernate ORM core version 7.4.1.Final
2026-08-31T23:57:22.852+07:00  INFO 24668 --- [registration-service] [           main] o.s.o.j.p.SpringPersistenceUnitInfo      : No LoadTimeWeaver setup: ignoring JPA class transformer
2026-08-31T23:57:22.923+07:00  INFO 24668 --- [registration-service] [           main] com.zaxxer.hikari.HikariDataSource       : HikariPool-1 - Starting...
2026-08-31T23:57:23.541+07:00  INFO 24668 --- [registration-service] [           main] com.zaxxer.hikari.pool.HikariPool        : HikariPool-1 - Added connection com.mysql.cj.jdbc.ConnectionImpl@7b3c0ecb
2026-08-31T23:57:23.545+07:00  INFO 24668 --- [registration-service] [           main] com.zaxxer.hikari.HikariDataSource       : HikariPool-1 - Start completed.
2026-08-31T23:57:23.688+07:00  WARN 24668 --- [registration-service] [           main] org.hibernate.orm.core                   : HHH000511: The 5.5.5 version for [org.hibernate.dialect.MySQLDialect] is no longer supported, hence certain features may not work properly.The minimum supported version is 8.0.0. Check the community dialects project for available legacy versions.
2026-08-31T23:57:23.724+07:00  INFO 24668 --- [registration-service] [           main] org.hibernate.orm.connections.pooling    : HHH10001005: Database info:
	Database JDBC URL [jdbc:mysql://localhost:3306/registration_db?useSSL=false&allowPublicKeyRetrieval=true&serverTimezone=Asia/Ho_Chi_Minh]
	Database driver: MySQL Connector/J
	Database dialect: MySQLDialect
	Database version: 5.5.5
	Default catalog/schema: registration_db/undefined
	Autocommit mode: undefined/unknown
	Isolation level: REPEATABLE_READ [default REPEATABLE_READ]
	JDBC fetch size: none
	Pool: DataSourceConnectionProvider
	Minimum pool size: undefined/unknown
	Maximum pool size: undefined/unknown
2026-08-31T23:57:27.451+07:00  INFO 24668 --- [registration-service] [           main] org.hibernate.orm.core                   : HHH000489: No JTA platform available (set 'hibernate.transaction.jta.platform' to enable JTA platform integration)
2026-08-31T23:57:27.557+07:00  INFO 24668 --- [registration-service] [           main] j.LocalContainerEntityManagerFactoryBean : Initialized JPA EntityManagerFactory for persistence unit 'default'
2026-08-31T23:57:28.214+07:00  INFO 24668 --- [registration-service] [           main] o.s.d.j.r.query.QueryEnhancerFactories   : Hibernate is in classpath; If applicable, HQL parser will be used.
2026-08-31T23:57:28.808+07:00  WARN 24668 --- [registration-service] [           main] JpaBaseConfiguration$JpaWebConfiguration : spring.jpa.open-in-view is enabled by default. Therefore, database queries may be performed during view rendering. Explicitly configure spring.jpa.open-in-view to disable this warning
2026-08-31T23:57:29.059+07:00  WARN 24668 --- [registration-service] [           main] .s.a.UserDetailsServiceAutoConfiguration : 

Using generated security password: 7edb357a-7899-4450-8c54-80360f3a0582

This generated password is for development use only. Your security configuration must be updated before running your application in production.

2026-08-31T23:57:29.073+07:00  INFO 24668 --- [registration-service] [           main] r$InitializeUserDetailsManagerConfigurer : Global AuthenticationManager configured with UserDetailsService bean with name inMemoryUserDetailsManager
2026-08-31T23:57:30.366+07:00  INFO 24668 --- [registration-service] [           main] o.s.boot.tomcat.TomcatWebServer          : Tomcat started on port 8083 (http) with context path '/'
2026-08-31T23:57:30.383+07:00  INFO 24668 --- [registration-service] [           main] e.c.r.DemoregistrationServiceApplication : Started DemoregistrationServiceApplication in 20.163 seconds (process running for 23.187)
2026-09-01T00:01:12.135+07:00  INFO 24668 --- [registration-service] [nio-8083-exec-1] o.a.c.c.C.[Tomcat].[localhost].[/]       : Initializing Spring DispatcherServlet 'dispatcherServlet'
2026-09-01T00:01:12.136+07:00  INFO 24668 --- [registration-service] [nio-8083-exec-1] o.s.web.servlet.DispatcherServlet        : Initializing Servlet 'dispatcherServlet'
2026-09-01T00:01:12.138+07:00  INFO 24668 --- [registration-service] [nio-8083-exec-1] o.s.web.servlet.DispatcherServlet        : Completed initialization in 2 ms
Hibernate: select r1_0.id,r1_0.course_id,r1_0.ngay_dang_ky,r1_0.student_id,r1_0.trang_thai from registration r1_0 where r1_0.student_id=?
Hibernate: select r1_0.id,r1_0.course_id,r1_0.ngay_dang_ky,r1_0.student_id,r1_0.trang_thai from registration r1_0 where r1_0.student_id=?
Hibernate: select r1_0.id,r1_0.course_id,r1_0.ngay_dang_ky,r1_0.student_id,r1_0.trang_thai from registration r1_0 where r1_0.student_id=?
Hibernate: select r1_0.id,r1_0.course_id,r1_0.ngay_dang_ky,r1_0.student_id,r1_0.trang_thai from registration r1_0 where r1_0.id=?
Hibernate: update registration set course_id=?,ngay_dang_ky=?,student_id=?,trang_thai=? where id=?
Hibernate: select r1_0.id,r1_0.course_id,r1_0.ngay_dang_ky,r1_0.student_id,r1_0.trang_thai from registration r1_0 where r1_0.student_id=?
Hibernate: select r1_0.id,r1_0.course_id,r1_0.ngay_dang_ky,r1_0.student_id,r1_0.trang_thai from registration r1_0 where r1_0.id=?
Hibernate: update registration set course_id=?,ngay_dang_ky=?,student_id=?,trang_thai=? where id=?
Hibernate: select r1_0.id,r1_0.course_id,r1_0.ngay_dang_ky,r1_0.student_id,r1_0.trang_thai from registration r1_0 where r1_0.student_id=?
Hibernate: select r1_0.id from registration r1_0 where r1_0.student_id=? and r1_0.course_id=? and r1_0.trang_thai=? limit ?
Hibernate: insert into registration (course_id,ngay_dang_ky,student_id,trang_thai) values (?,?,?,?)
Hibernate: select r1_0.id,r1_0.course_id,r1_0.ngay_dang_ky,r1_0.student_id,r1_0.trang_thai from registration r1_0 where r1_0.student_id=?
Hibernate: select r1_0.id,r1_0.course_id,r1_0.ngay_dang_ky,r1_0.student_id,r1_0.trang_thai from registration r1_0 where r1_0.student_id=?
Hibernate: select r1_0.id,r1_0.course_id,r1_0.ngay_dang_ky,r1_0.student_id,r1_0.trang_thai from registration r1_0 where r1_0.id=?
Hibernate: update registration set course_id=?,ngay_dang_ky=?,student_id=?,trang_thai=? where id=?
Hibernate: select r1_0.id,r1_0.course_id,r1_0.ngay_dang_ky,r1_0.student_id,r1_0.trang_thai from registration r1_0 where r1_0.student_id=?
Hibernate: select r1_0.id,r1_0.course_id,r1_0.ngay_dang_ky,r1_0.student_id,r1_0.trang_thai from registration r1_0 where r1_0.student_id=?
Hibernate: select r1_0.id,r1_0.course_id,r1_0.ngay_dang_ky,r1_0.student_id,r1_0.trang_thai from registration r1_0 where r1_0.student_id=?
Hibernate: select r1_0.id from registration r1_0 where r1_0.student_id=? and r1_0.course_id=? and r1_0.trang_thai=? limit ?
Hibernate: insert into registration (course_id,ngay_dang_ky,student_id,trang_thai) values (?,?,?,?)
Hibernate: select r1_0.id,r1_0.course_id,r1_0.ngay_dang_ky,r1_0.student_id,r1_0.trang_thai from registration r1_0 where r1_0.student_id=?
Hibernate: select r1_0.id,r1_0.course_id,r1_0.ngay_dang_ky,r1_0.student_id,r1_0.trang_thai from registration r1_0 where r1_0.student_id=?
2026-09-01T06:06:28.391+07:00  WARN 24668 --- [registration-service] [l-1:housekeeper] com.zaxxer.hikari.pool.HikariPool        : HikariPool-1 - Thread starvation or clock leap detected (housekeeper delta=3h1m31s620ms947µs900ns).
2026-09-01T06:59:41.003+07:00  WARN 24668 --- [registration-service] [l-1:housekeeper] com.zaxxer.hikari.pool.HikariPool        : HikariPool-1 - Thread starvation or clock leap detected (housekeeper delta=53m16s374ms441µs900ns).
2026-09-01T09:42:47.921+07:00  WARN 24668 --- [registration-service] [l-1:housekeeper] com.zaxxer.hikari.pool.HikariPool        : HikariPool-1 - Thread starvation or clock leap detected (housekeeper delta=11m4s434ms895µs100ns).
2026-09-01T10:10:20.818+07:00  WARN 24668 --- [registration-service] [l-1:housekeeper] com.zaxxer.hikari.pool.HikariPool        : HikariPool-1 - Thread starvation or clock leap detected (housekeeper delta=12m32s648ms346µs700ns).
2026-09-01T10:34:53.120+07:00  WARN 24668 --- [registration-service] [l-1:housekeeper] com.zaxxer.hikari.pool.HikariPool        : HikariPool-1 - Thread starvation or clock leap detected (housekeeper delta=9m2s37ms844µs900ns).
2026-09-01T19:17:25.419+07:00  WARN 24668 --- [registration-service] [l-1:housekeeper] com.zaxxer.hikari.pool.HikariPool        : HikariPool-1 - Thread starvation or clock leap detected (housekeeper delta=3h1m56s655ms94µs900ns).
2026-09-01T19:36:55.532+07:00  WARN 24668 --- [registration-service] [l-1:housekeeper] com.zaxxer.hikari.pool.HikariPool        : HikariPool-1 - Thread starvation or clock leap detected (housekeeper delta=4m29s780ms889µs200ns).
2026-09-01T22:16:12.240+07:00  WARN 24668 --- [registration-service] [l-1:housekeeper] com.zaxxer.hikari.pool.HikariPool        : HikariPool-1 - Thread starvation or clock leap detected (housekeeper delta=15m44s329ms525µs500ns).
^CTerminate batch job (Y/N)? 